// Jest Snapshot v1, https://goo.gl/fbAQLP

exports[`VideoPlayer component should render VideoPlayer component markup 1`] = `
<div
  className="small-movie-card__image"
>
  <video
    height={175}
    poster="https://m.media-amazon.com/images/M/MV5BM2MyNjYxNmUtYTAwNi00MTYxLWJmNWYtYzZlODY3ZTk3OTFlXkEyXkFqcGdeQXVyNzkwMjQ5NzM@._V1_SX300.jpg"
    src="https://upload.wikimedia.org/wikipedia/commons/transcoded/b/b3/Big_Buck_Bunny_Trailer_400p.ogv/Big_Buck_Bunny_Trailer_400p.ogv.360p.webm"
    style={
      Object {
        "objectFit": "cover",
      }
    }
    width={210}
  />
</div>
`;
